ARM Linker, 4.1 [Build 481] [Standard]

==============================================================================

Small function inlining results

Inlined function __aeabi_idiv0 from aeabi_idiv0.o at offset 0x154 in aeabi_sdiv.o(.text).
Inlined Instruction: BX       lr
Inlined function __aeabi_idiv0 from aeabi_idiv0.o at offset 0x154 in aeabi_sdiv_div0.o(.text).
Inlined Instruction: BX       lr
Inlined function __ieee_status from ieee_status.o at offset 0x1c in _printf_fp_dec.o(.text).
Inlined Instruction: MOVS     r0,#0
Inlined function _platform_pre_stackheap_init from boardinit1.o at offset 0x0 in rtentry2.o(.ARM.Collect$$rtentry$$00000001).
Inlined Instruction: BX       lr
Inlined function __ieee_status from ieee_status.o at offset 0x1ea in btod.o(.text).
Inlined Instruction: MOVS     r0,#0
Inlined function __ieee_status from ieee_status.o at offset 0x3d0 in btod.o(.text).
Inlined Instruction: MOVS     r0,#0
Inlined function _fp_init from fpinit.o at offset 0x2 in libinit.o(.ARM.Collect$$libinit$$00000000).
Inlined Instruction: BX       lr
Inlined function __ARM_get_argv from no_argv.o at offset 0x2 in argv_veneer.o(.text).
Inlined Instruction: BX       lr
Inlined function _platform_pre_lib_shutdown from boardshut.o at offset 0x0 in rtexit2.o(.ARM.Collect$$rtexit$$00000001).
Inlined Instruction: BX       lr
Inlined total of 9 calls.

==============================================================================

Memory Map of the image

  Image Entry point : 0x00000191

  Load Region LR_1 (Base: 0x00000000, Size: 0x00005370, Max: 0xffffffff, ABSOLUTE)

    Execution Region ER_RO (Base: 0x00000000, Size: 0x00005120, Max: 0xffffffff, ABSOLUTE)

    Base Addr    Size         Type   Attr      Idx    E Section Name        Object

    0x00000000   0x000000c0   Data   RO           55    RESET               startup_nuc1xx.o
    0x000000c0   0x00000008   Code   RO         1986  * !!!main             c_p.l(__main.o)(c_p.l)
    0x000000c8   0x0000003c   Code   RO         2267    !!!scatter          c_p.l(__scatter.o)(c_p.l)
    0x00000104   0x0000001a   Code   RO         2269    !!handler_copy      c_p.l(__scatter_copy.o)(c_p.l)
    0x0000011e   0x00000002   PAD
    0x00000120   0x0000001c   Code   RO         2271    !!handler_zi        c_p.l(__scatter_zi.o)(c_p.l)
    0x0000013c   0x00000002   Code   RO         1979    .ARM.Collect$$_printf_percent$$00000000  c_p.l(_printf_percent.o)(c_p.l)
    0x0000013e   0x0000000a   Code   RO         1978    .ARM.Collect$$_printf_percent$$00000004  c_p.l(_printf_e.o)(c_p.l)
    0x00000148   0x0000000a   Code   RO         1976    .ARM.Collect$$_printf_percent$$0000000C  c_p.l(_printf_x.o)(c_p.l)
    0x00000152   0x00000004   Code   RO         2048    .ARM.Collect$$_printf_percent$$00000017  c_p.l(_printf_percent_end.o)(c_p.l)
    0x00000156   0x00000006   Code   RO         2142    .ARM.Collect$$libinit$$00000000  c_p.l(libinit.o)(c_p.l)
    0x0000015c   0x00000000   Code   RO         2145    .ARM.Collect$$libinit$$00000006  c_p.l(libinit2.o)(c_p.l)
    0x0000015c   0x00000000   Code   RO         2147    .ARM.Collect$$libinit$$00000008  c_p.l(libinit2.o)(c_p.l)
    0x0000015c   0x00000000   Code   RO         2149    .ARM.Collect$$libinit$$0000000A  c_p.l(libinit2.o)(c_p.l)
    0x0000015c   0x00000006   Code   RO         2150    .ARM.Collect$$libinit$$0000000B  c_p.l(libinit2.o)(c_p.l)
    0x00000162   0x00000000   Code   RO         2152    .ARM.Collect$$libinit$$0000000D  c_p.l(libinit2.o)(c_p.l)
    0x00000162   0x00000000   Code   RO         2154    .ARM.Collect$$libinit$$0000000F  c_p.l(libinit2.o)(c_p.l)
    0x00000162   0x00000000   Code   RO         2156    .ARM.Collect$$libinit$$00000011  c_p.l(libinit2.o)(c_p.l)
    0x00000162   0x0000000a   Code   RO         2157    .ARM.Collect$$libinit$$00000012  c_p.l(libinit2.o)(c_p.l)
    0x0000016c   0x00000000   Code   RO         2158    .ARM.Collect$$libinit$$00000013  c_p.l(libinit2.o)(c_p.l)
    0x0000016c   0x00000000   Code   RO         2160    .ARM.Collect$$libinit$$00000015  c_p.l(libinit2.o)(c_p.l)
    0x0000016c   0x00000000   Code   RO         2162    .ARM.Collect$$libinit$$00000017  c_p.l(libinit2.o)(c_p.l)
    0x0000016c   0x00000000   Code   RO         2164    .ARM.Collect$$libinit$$00000019  c_p.l(libinit2.o)(c_p.l)
    0x0000016c   0x00000000   Code   RO         2166    .ARM.Collect$$libinit$$0000001B  c_p.l(libinit2.o)(c_p.l)
    0x0000016c   0x00000000   Code   RO         2168    .ARM.Collect$$libinit$$0000001D  c_p.l(libinit2.o)(c_p.l)
    0x0000016c   0x00000000   Code   RO         2170    .ARM.Collect$$libinit$$0000001F  c_p.l(libinit2.o)(c_p.l)
    0x0000016c   0x00000000   Code   RO         2172    .ARM.Collect$$libinit$$00000021  c_p.l(libinit2.o)(c_p.l)
    0x0000016c   0x00000000   Code   RO         2176    .ARM.Collect$$libinit$$00000028  c_p.l(libinit2.o)(c_p.l)
    0x0000016c   0x00000000   Code   RO         2178    .ARM.Collect$$libinit$$0000002A  c_p.l(libinit2.o)(c_p.l)
    0x0000016c   0x00000000   Code   RO         2180    .ARM.Collect$$libinit$$0000002C  c_p.l(libinit2.o)(c_p.l)
    0x0000016c   0x00000000   Code   RO         2182    .ARM.Collect$$libinit$$0000002E  c_p.l(libinit2.o)(c_p.l)
    0x0000016c   0x00000002   Code   RO         2183    .ARM.Collect$$libinit$$0000002F  c_p.l(libinit2.o)(c_p.l)
    0x0000016e   0x00000002   Code   RO         2231    .ARM.Collect$$libshutdown$$00000000  c_p.l(libshutdown.o)(c_p.l)
    0x00000170   0x00000000   Code   RO         2252    .ARM.Collect$$libshutdown$$00000003  c_p.l(libshutdown2.o)(c_p.l)
    0x00000170   0x00000000   Code   RO         2255    .ARM.Collect$$libshutdown$$00000006  c_p.l(libshutdown2.o)(c_p.l)
    0x00000170   0x00000000   Code   RO         2258    .ARM.Collect$$libshutdown$$00000009  c_p.l(libshutdown2.o)(c_p.l)
    0x00000170   0x00000000   Code   RO         2260    .ARM.Collect$$libshutdown$$0000000B  c_p.l(libshutdown2.o)(c_p.l)
    0x00000170   0x00000000   Code   RO         2263    .ARM.Collect$$libshutdown$$0000000E  c_p.l(libshutdown2.o)(c_p.l)
    0x00000170   0x00000002   Code   RO         2264    .ARM.Collect$$libshutdown$$0000000F  c_p.l(libshutdown2.o)(c_p.l)
    0x00000172   0x00000000   Code   RO         2030    .ARM.Collect$$rtentry$$00000000  c_p.l(rtentry.o)(c_p.l)
    0x00000172   0x00000000   Code   RO         2073    .ARM.Collect$$rtentry$$00000002  c_p.l(rtentry2.o)(c_p.l)
    0x00000172   0x00000006   Code   RO         2088    .ARM.Collect$$rtentry$$00000004  c_p.l(rtentry4.o)(c_p.l)
    0x00000178   0x00000000   Code   RO         2075    .ARM.Collect$$rtentry$$00000009  c_p.l(rtentry2.o)(c_p.l)
    0x00000178   0x00000004   Code   RO         2076    .ARM.Collect$$rtentry$$0000000A  c_p.l(rtentry2.o)(c_p.l)
    0x0000017c   0x00000000   Code   RO         2078    .ARM.Collect$$rtentry$$0000000C  c_p.l(rtentry2.o)(c_p.l)
    0x0000017c   0x00000008   Code   RO         2079    .ARM.Collect$$rtentry$$0000000D  c_p.l(rtentry2.o)(c_p.l)
    0x00000184   0x00000002   Code   RO         2189    .ARM.Collect$$rtexit$$00000000  c_p.l(rtexit.o)(c_p.l)
    0x00000186   0x00000000   Code   RO         2204    .ARM.Collect$$rtexit$$00000002  c_p.l(rtexit2.o)(c_p.l)
    0x00000186   0x00000004   Code   RO         2205    .ARM.Collect$$rtexit$$00000003  c_p.l(rtexit2.o)(c_p.l)
    0x0000018a   0x00000006   Code   RO         2206    .ARM.Collect$$rtexit$$00000004  c_p.l(rtexit2.o)(c_p.l)
    0x00000190   0x0000008c   Code   RO           56  * .text               startup_nuc1xx.o
    0x0000021c   0x0000001c   Code   RO         1927    .text               c_p.l(noretval__2printf.o)(c_p.l)
    0x00000238   0x0000004c   Code   RO         1933    .text               c_p.l(_printf_pad.o)(c_p.l)
    0x00000284   0x00000058   Code   RO         1940    .text               c_p.l(_printf_hex_int.o)(c_p.l)
    0x000002dc   0x00000194   Code   RO         1973    .text               c_p.l(__printf_flags_ss_wp.o)(c_p.l)
    0x00000470   0x0000015a   Code   RO         1980    .text               c_p.l(aeabi_sdiv.o)(c_p.l)
    0x000005ca   0x00000006   Code   RO         1984    .text               c_p.l(heapauxi.o)(c_p.l)
    0x000005d0   0x0000007c   Code   RO         1988    .text               fz_ps.l(d2f.o)(fz_ps.l)
    0x0000064c   0x0000040c   Code   RO         1990    .text               fz_ps.l(ddiv.o)(fz_ps.l)
    0x00000a58   0x00000058   Code   RO         1993    .text               fz_ps.l(dflti.o)(fz_ps.l)
    0x00000ab0   0x0000028c   Code   RO         1995    .text               fz_ps.l(dmul.o)(fz_ps.l)
    0x00000d3c   0x00000050   Code   RO         1997    .text               fz_ps.l(f2d.o)(fz_ps.l)
    0x00000d8c   0x00000160   Code   RO         2005    .text               fz_ps.l(fdiv.o)(fz_ps.l)
    0x00000eec   0x00000016   Code   RO         2036    .text               c_p.l(_rserrno.o)(c_p.l)
    0x00000f02   0x000000ac   Code   RO         2038    .text               c_p.l(_printf_intcommon.o)(c_p.l)
    0x00000fae   0x00000002   PAD
    0x00000fb0   0x00000404   Code   RO         2040    .text               c_p.l(_printf_fp_dec.o)(c_p.l)
    0x000013b4   0x00000030   Code   RO         2042    .text               c_p.l(_printf_char_common.o)(c_p.l)
    0x000013e4   0x00000028   Code   RO         2046    .text               c_p.l(_printf_char_file.o)(c_p.l)
    0x0000140c   0x00000028   Code   RO         2049    .text               c_p.l(rtudiv10.o)(c_p.l)
    0x00001434   0x00000348   Code   RO         2051    .text               fz_ps.l(daddsub.o)(fz_ps.l)
    0x0000177c   0x00000064   Code   RO         2055    .text               fz_ps.l(dscalbn.o)(fz_ps.l)
    0x000017e0   0x000000fc   Code   RO         2063    .text               fz_ps.l(dsqrt.o)(fz_ps.l)
    0x000018dc   0x0000000c   Code   RO         2095    .text               c_p.l(rt_locale_intlibspace.o)(c_p.l)
    0x000018e8   0x0000000c   Code   RO         2100    .text               c_p.l(rt_errno_addr_intlibspace.o)(c_p.l)
    0x000018f4   0x0000007a   Code   RO         2102    .text               c_p.l(lludiv10.o)(c_p.l)
    0x0000196e   0x00000002   PAD
    0x00001970   0x00000084   Code   RO         2104    .text               c_p.l(_printf_fp_infnan.o)(c_p.l)
    0x000019f4   0x000000cc   Code   RO         2108    .text               c_p.l(bigflt0.o)(c_p.l)
    0x00001ac0   0x000004c8   Code   RO         2111    .text               c_p.l(btod.o)(c_p.l)
    0x00001f88   0x00000008   Code   RO         2122    .text               c_p.l(libspace.o)(c_p.l)
    0x00001f90   0x0000003e   Code   RO         2125    .text               c_p.l(sys_stackheap_outer.o)(c_p.l)
    0x00001fce   0x0000000c   Code   RO         2128    .text               c_p.l(exit.o)(c_p.l)
    0x00001fda   0x00000002   PAD
    0x00001fdc   0x0000007c   Code   RO         2134    .text               c_p.l(strcmp.o)(c_p.l)
    0x00002058   0x0000009c   Code   RO         1358    i.ADC_IRQHandler    drvadc.o
    0x000020f4   0x00000254   Code   RO          176    i.Angle_Calculate   smpl_drvgpio.o
    0x00002348   0x00000028   Code   RO          753    i.BOD_IRQHandler    drvsys.o
    0x00002370   0x00000046   Code   RO         1584    i.CalTimerInitValue  drvtimer.o
    0x000023b6   0x00000002   PAD
    0x000023b8   0x0000002c   Code   RO         1129    i.DrvGPIO_ClrBit    drvgpio.o
    0x000023e4   0x00000078   Code   RO         1151    i.DrvGPIO_Open      drvgpio.o
    0x0000245c   0x0000002c   Code   RO         1152    i.DrvGPIO_SetBit    drvgpio.o
    0x00002488   0x00000038   Code   RO          472    i.DrvPWM_Open       drvpwm.o
    0x000024c0   0x00000008   Code   RO          771    i.DrvSYS_GetExtClockFreq  drvsys.o
    0x000024c8   0x0000006c   Code   RO          772    i.DrvSYS_GetHCLKFreq  drvsys.o
    0x00002534   0x00000078   Code   RO          773    i.DrvSYS_GetPLLClockFreq  drvsys.o
    0x000025ac   0x000000b8   Code   RO          774    i.DrvSYS_GetPLLContent  drvsys.o
    0x00002664   0x000000a0   Code   RO          779    i.DrvSYS_Open       drvsys.o
    0x00002704   0x00000038   Code   RO          785    i.DrvSYS_SelectHCLKSource  drvsys.o
    0x0000273c   0x00000178   Code   RO          786    i.DrvSYS_SelectIPClockSource  drvsys.o
    0x000028b4   0x00000020   Code   RO          787    i.DrvSYS_SelectPLLSource  drvsys.o
    0x000028d4   0x00000080   Code   RO          793    i.DrvSYS_SetOscCtrl  drvsys.o
    0x00002954   0x0000004c   Code   RO          794    i.DrvSYS_SetPLLContent  drvsys.o
    0x000029a0   0x0000008c   Code   RO         1590    i.DrvTIMER_EnableInt  drvtimer.o
    0x00002a2c   0x00000024   Code   RO         1595    i.DrvTIMER_Init     drvtimer.o
    0x00002a50   0x000002bc   Code   RO         1596    i.DrvTIMER_Open     drvtimer.o
    0x00002d0c   0x000001f4   Code   RO         1600    i.DrvTIMER_SetTimerEvent  drvtimer.o
    0x00002f00   0x00000074   Code   RO         1601    i.DrvTIMER_Start    drvtimer.o
    0x00002f74   0x00000024   Code   RO         1158    i.EINT0_IRQHandler  drvgpio.o
    0x00002f98   0x00000024   Code   RO         1159    i.EINT1_IRQHandler  drvgpio.o
    0x00002fbc   0x00000034   Code   RO         1160    i.GPAB_IRQHandler   drvgpio.o
    0x00002ff0   0x00000040   Code   RO         1161    i.GPCDE_IRQHandler  drvgpio.o
    0x00003030   0x0000002a   Code   RO          345    i.GetData           mpu6050.o
    0x0000305a   0x00000002   PAD
    0x0000305c   0x00000068   Code   RO         1607    i.GetTimerClock     drvtimer.o
    0x000030c4   0x00000078   Code   RO         1798    i.I2C0_IRQHandler   drvi2c.o
    0x0000313c   0x00000078   Code   RO         1799    i.I2C1_IRQHandler   drvi2c.o
    0x000031b4   0x00000054   Code   RO          346    i.I2C_Init          mpu6050.o
    0x00003208   0x000004d4   Code   RO          435    i.IMUupdate         imu.o
    0x000036dc   0x00000010   Code   RO         1055    i.IsDebugFifoEmpty  retarget.o
    0x000036ec   0x00000260   Code   RO          348    i.MPU_ReadReg       mpu6050.o
    0x0000394c   0x000001b8   Code   RO          349    i.MPU_WriteReg      mpu6050.o
    0x00003b04   0x00000014   Code   RO         1609    i.NVIC_EnableIRQ    drvtimer.o
    0x00003b18   0x000001e0   Code   RO          180    i.PWM23_Init        smpl_drvgpio.o
    0x00003cf8   0x00000164   Code   RO          480    i.PWMA_IRQHandler   drvpwm.o
    0x00003e5c   0x00000100   Code   RO          481    i.PWMB_IRQHandler   drvpwm.o
    0x00003f5c   0x00000028   Code   RO          801    i.PWRWU_IRQHandler  drvsys.o
    0x00003f84   0x00000060   Code   RO          385    i.RX_Mode           nrf24l01.o
    0x00003fe4   0x00000070   Code   RO         1056    i.SendChar          retarget.o
    0x00004054   0x00000030   Code   RO         1057    i.SendChar_ToUART   retarget.o
    0x00004084   0x00000084   Code   RO           17    i.SystemCoreClockUpdate  system_nuc1xx.o
    0x00004108   0x00000002   Code   RO           18    i.SystemInit        system_nuc1xx.o
    0x0000410a   0x00000002   Code   RO          181    i.TMR0_Callback     smpl_drvgpio.o
    0x0000410c   0x00000094   Code   RO         1610    i.TMR0_IRQHandler   drvtimer.o
    0x000041a0   0x00000094   Code   RO         1611    i.TMR1_IRQHandler   drvtimer.o
    0x00004234   0x00000094   Code   RO         1612    i.TMR2_IRQHandler   drvtimer.o
    0x000042c8   0x00000094   Code   RO         1613    i.TMR3_IRQHandler   drvtimer.o
    0x0000435c   0x0000003c   Code   RO          634    i.UART02_IRQHandler  drvuart.o
    0x00004398   0x00000020   Code   RO          635    i.UART1_IRQHandler  drvuart.o
    0x000043b8   0x0000002c   Code   RO         1614    i.WDT_IRQHandler    drvtimer.o
    0x000043e4   0x00000030   Code   RO         2113    i.__ARM_common_ll_muluu  c_p.l(btod.o)(c_p.l)
    0x00004414   0x0000001a   Code   RO          606    i.__ARM_common_switch8  drvpwm.o
    0x0000442e   0x00000002   PAD
    0x00004430   0x0000002c   Code   RO         2068    i.__ARM_fpclassify  m_ps.l(fpclassify.o)(m_ps.l)
    0x0000445c   0x000000ac   Code   RO         2070    i.__kernel_poly     m_ps.l(poly.o)(m_ps.l)
    0x00004508   0x00000014   Code   RO         2066    i.__mathlib_dbl_underflow  m_ps.l(dunder.o)(m_ps.l)
    0x0000451c   0x00000020   Code   RO         1058    i._sys_exit         retarget.o
    0x0000453c   0x00000278   Code   RO         2013    i.asin              m_ps.l(asin.o)(m_ps.l)
    0x000047b4   0x00000020   Code   RO           60    i.check_mpu         mpu_ctrl.o
    0x000047d4   0x0000000a   Code   RO           61    i.delay_ms          mpu_ctrl.o
    0x000047de   0x00000008   Code   RO         1060    i.ferror            retarget.o
    0x000047e6   0x00000010   Code   RO         1062    i.fputc             retarget.o
    0x000047f6   0x00000002   PAD
    0x000047f8   0x00000154   Code   RO          182    i.init              smpl_drvgpio.o
    0x0000494c   0x00000084   Code   RO          183    i.main              smpl_drvgpio.o
    0x000049d0   0x00000078   Code   RO          328    i.moto_set          moto.o
    0x00004a48   0x00000084   Code   RO           62    i.mpu_init          mpu_ctrl.o
    0x00004acc   0x0000001e   Code   RO          264    i.nrf_write         hal_spi.o
    0x00004aea   0x00000030   Code   RO          265    i.nrf_writebuf      hal_spi.o
    0x00004b1a   0x00000002   PAD
    0x00004b1c   0x00000014   Code   RO          266    i.spi_disable       hal_spi.o
    0x00004b30   0x00000014   Code   RO          267    i.spi_enable        hal_spi.o
    0x00004b44   0x000000f8   Code   RO          268    i.spi_init          hal_spi.o
    0x00004c3c   0x0000002c   Code   RO          270    i.spi_send          hal_spi.o
    0x00004c68   0x00000044   Code   RO         2023    i.sqrt              m_ps.l(sqrt.o)(m_ps.l)
    0x00004cac   0x0000002c   Code   RO         2116    locale$$code        c_p.l(lc_numeric_c.o)(c_p.l)
    0x00004cd8   0x0000008c   Code   RO         1999    x$fpl$fadd          fz_ps.l(faddsub.o)(fz_ps.l)
    0x00004d64   0x000000b0   Code   RO         2008    x$fpl$fmul          fz_ps.l(fmul.o)(fz_ps.l)
    0x00004e14   0x000000d0   Code   RO         2001    x$fpl$fsub          fz_ps.l(faddsub.o)(fz_ps.l)
    0x00004ee4   0x00000010   Code   RO         2010    x$fpl$printf1       fz_ps.l(printf1.o)(fz_ps.l)
    0x00004ef4   0x00000000   Code   RO         2065    x$fpl$usenofp       fz_ps.l(usenofp.o)(fz_ps.l)
    0x00004ef4   0x00000010   Data   RO          802    .constdata          drvsys.o
    0x00004f04   0x00000028   Data   RO         1941    .constdata          c_p.l(_printf_hex_int.o)(c_p.l)
    0x00004f2c   0x00000011   Data   RO         1974    .constdata          c_p.l(__printf_flags_ss_wp.o)(c_p.l)
    0x00004f3d   0x00000080   Data   RO         1991    .constdata          fz_ps.l(ddiv.o)(fz_ps.l)
    0x00004fbd   0x00000040   Data   RO         2006    .constdata          fz_ps.l(fdiv.o)(fz_ps.l)
    0x00004ffd   0x00000003   PAD
    0x00005000   0x00000050   Data   RO         2014    .constdata          m_ps.l(asin.o)(m_ps.l)
    0x00005050   0x00000094   Data   RO         2109    .constdata          c_p.l(bigflt0.o)(c_p.l)
    0x000050e4   0x00000020   Data   RO         2265    Region$$Table       anon$$obj.o
    0x00005104   0x0000001c   Data   RO         2115    locale$$data        c_p.l(lc_numeric_c.o)(c_p.l)


    Execution Region ER_RW (Base: 0x20000000, Size: 0x00000250, Max: 0xffffffff, ABSOLUTE)

    Base Addr    Size         Type   Attr      Idx    E Section Name        Object

    0x20000000   0x00000018   Data   RW           19    .data               system_nuc1xx.o
    0x20000018   0x00000169   Data   RW          185    .data               smpl_drvgpio.o
    0x20000181   0x0000000a   Data   RW          388    .data               nrf24l01.o
    0x2000018b   0x00000001   PAD
    0x2000018c   0x0000001c   Data   RW          436    .data               imu.o
    0x200001a8   0x00000004   Data   RW          483    .data               drvpwm.o
    0x200001ac   0x0000000c   Data   RW          636    .data               drvuart.o
    0x200001b8   0x00000008   Data   RW          803    .data               drvsys.o
    0x200001c0   0x0000000c   Data   RW         1065    .data               retarget.o
    0x200001cc   0x00000010   Data   RW         1165    .data               drvgpio.o
    0x200001dc   0x0000000c   Data   RW         1395    .data               drvadc.o
    0x200001e8   0x00000068   Data   RW         1616    .data               drvtimer.o


    Execution Region ER_ZI (Base: 0x20000250, Size: 0x00000578, Max: 0xffffffff, ABSOLUTE)

    Base Addr    Size         Type   Attr      Idx    E Section Name        Object

    0x20000250   0x00000048   Zero   RW          184    .bss                smpl_drvgpio.o
    0x20000298   0x00000040   Zero   RW          482    .bss                drvpwm.o
    0x200002d8   0x00000010   Zero   RW         1064    .bss                retarget.o
    0x200002e8   0x0000000c   Zero   RW         1394    .bss                drvadc.o
    0x200002f4   0x00000050   Zero   RW         1615    .bss                drvtimer.o
    0x20000344   0x00000020   Zero   RW         1802    .bss                drvi2c.o
    0x20000364   0x00000060   Zero   RW         2123    .bss                c_p.l(libspace.o)(c_p.l)
    0x200003c4   0x00000004   PAD
    0x200003c8   0x00000000   Zero   RW           54    HEAP                startup_nuc1xx.o
    0x200003c8   0x00000400   Zero   RW           53    STACK               startup_nuc1xx.o


==============================================================================

Image component sizes


      Code (inc. data)   RO Data    RW Data    ZI Data      Debug   Object Name

         0          0          0          0          0          0   core_cm0.o
       156         20          0         12         12          0   drvadc.o
       396         64          0         16          0          0   drvgpio.o
       240         16          0          0         32          0   drvi2c.o
       694         34          0          4         64          0   drvpwm.o
      1328        148         16          8          0          0   drvsys.o
      2322        288          0        104         80          0   drvtimer.o
        92         24          0         12          0          0   drvuart.o
       410         26          0          0          0          0   hal_spi.o
      1236         70          0         28          0          0   imu.o
         0          0          0          0          0          0   lcm.o
       120          4          0          0          0          0   moto.o
      1174        294          0          0          0          0   mpu6050.o
       174          0          0          0          0          0   mpu_ctrl.o
        96          8          0         10          0          0   nrf24l01.o
       232         24          0         12         16          0   retarget.o
      1550        176          0        361         72          0   smpl_drvgpio.o
       140         52        192          0       1024          0   startup_nuc1xx.o
       134         20          0         24          0          0   system_nuc1xx.o

    ----------------------------------------------------------------------
     10504       1268        240        592       1300          0   Object Totals
         0          0         32          0          0          0   (incl. Generated)
        10          0          0          1          0          1   (incl. Padding)

    ----------------------------------------------------------------------

      Code (inc. data)   RO Data    RW Data    ZI Data      Debug   Library Member Name

         8          0          0          0          0          0   __main.o
       404          4         17          0          0          0   __printf_flags_ss_wp.o
        60          8          0          0          0          0   __scatter.o
        26          0          0          0          0          0   __scatter_copy.o
        28          0          0          0          0          0   __scatter_zi.o
        48          6          0          0          0          0   _printf_char_common.o
        40          6          0          0          0          0   _printf_char_file.o
        10          0          0          0          0          0   _printf_e.o
      1028         12          0          0          0          0   _printf_fp_dec.o
       132         16          0          0          0          0   _printf_fp_infnan.o
        88          4         40          0          0          0   _printf_hex_int.o
       172          0          0          0          0          0   _printf_intcommon.o
        76          0          0          0          0          0   _printf_pad.o
         2          0          0          0          0          0   _printf_percent.o
         4          0          0          0          0          0   _printf_percent_end.o
        10          0          0          0          0          0   _printf_x.o
        22          0          0          0          0          0   _rserrno.o
       346          0          0          0          0          0   aeabi_sdiv.o
       204          4        148          0          0          0   bigflt0.o
      1272         14          0          0          0          0   btod.o
        12          0          0          0          0          0   exit.o
         6          0          0          0          0          0   heapauxi.o
        44         10         28          0          0          0   lc_numeric_c.o
         6          0          0          0          0          0   libinit.o
        18          0          0          0          0          0   libinit2.o
         2          0          0          0          0          0   libshutdown.o
         2          0          0          0          0          0   libshutdown2.o
         8          4          0          0         96          0   libspace.o
       122          0          0          0          0          0   lludiv10.o
        28          6          0          0          0          0   noretval__2printf.o
        12          4          0          0          0          0   rt_errno_addr_intlibspace.o
        12          4          0          0          0          0   rt_locale_intlibspace.o
         0          0          0          0          0          0   rtentry.o
        12          0          0          0          0          0   rtentry2.o
         6          0          0          0          0          0   rtentry4.o
         2          0          0          0          0          0   rtexit.o
        10          0          0          0          0          0   rtexit2.o
        40          0          0          0          0          0   rtudiv10.o
       124          4          0          0          0          0   strcmp.o
        62          0          0          0          0          0   sys_stackheap_outer.o
       124          4          0          0          0          0   d2f.o
       840         22          0          0          0          0   daddsub.o
      1036         24        128          0          0          0   ddiv.o
        88          0          0          0          0          0   dflti.o
       652         20          0          0          0          0   dmul.o
       100         14          0          0          0          0   dscalbn.o
       252         10          0          0          0          0   dsqrt.o
        80          6          0          0          0          0   f2d.o
       348          8          0          0          0          0   faddsub.o
       352          8         64          0          0          0   fdiv.o
       176          4          0          0          0          0   fmul.o
        16          4          0          0          0          0   printf1.o
         0          0          0          0          0          0   usenofp.o
       632         54         80          0          0          0   asin.o
        20          6          0          0          0          0   dunder.o
        44          6          0          0          0          0   fpclassify.o
       172          0          0          0          0          0   poly.o
        68          6          0          0          0          0   sqrt.o

    ----------------------------------------------------------------------
      9516        302        508          0        100          0   Library Totals
         8          0          3          0          4          0   (incl. Padding)

    ----------------------------------------------------------------------

      Code (inc. data)   RO Data    RW Data    ZI Data      Debug   Library Name

      4508        106        233          0         96       2240   c_p.l
      4064        124        192          0          0       1188   fz_ps.l
       936         72         80          0          0        384   m_ps.l

    ----------------------------------------------------------------------
      9516        302        508          0        100          0   Library Totals

    ----------------------------------------------------------------------

==============================================================================


      Code (inc. data)   RO Data    RW Data    ZI Data      Debug   

     20020       1570        748        592       1400     135684   Grand Totals
     20020       1570        748        592       1400     135684   ELF Image Totals
     20020       1570        748        592          0          0   ROM Totals

==============================================================================

    Total RO  Size (Code + RO Data)                20768 (  20.28kB)
    Total RW  Size (RW Data + ZI Data)              1992 (   1.95kB)
    Total ROM Size (Code + RO Data + RW Data)      21360 (  20.86kB)

==============================================================================

